[
  {
    "@timestamp": "2016-12-07 02:16:32.414 +0000 UTC",
    "auid": "4294967295",
    "exe": "/usr/sbin/groupadd",
    "id": "1000",
    "op": "add-group",
    "pid": "1235",
    "raw_msg": "audit(1481076992.414:385): pid=1235 uid=0 auid=4294967295 ses=4294967295 subj=system_u:system_r:unconfined_service_t:s0 msg='op=add-group id=1000 exe=\"/usr/sbin/groupadd\" hostname=? addr=? terminal=? res=success'",
    "record_type": "ADD_GROUP",
    "res": "success",
    "sequence": "385",
    "ses": "4294967295",
    "subj": "system_u:system_r:unconfined_service_t:s0",
    "uid": "0"
  },
  {
    "@timestamp": "2016-12-07 02:16:32.488 +0000 UTC",
    "auid": "4294967295",
    "exe": "/usr/sbin/useradd",
    "id": "1000",
    "op": "add-user",
    "pid": "1264",
    "raw_msg": "audit(1481076992.488:389): pid=1264 uid=0 auid=4294967295 ses=4294967295 subj=system_u:system_r:unconfined_service_t:s0 msg='op=add-user id=1000 exe=\"/usr/sbin/useradd\" hostname=? addr=? terminal=? res=success'",
    "record_type": "ADD_USER",
    "res": "success",
    "sequence": "389",
    "ses": "4294967295",
    "subj": "system_u:system_r:unconfined_service_t:s0",
    "uid": "0"
  },
  {
    "@timestamp": "2016-12-07 02:21:48.36 +0000 UTC",
    "fe": "0",
    "fi": "0000000000000000",
    "fp": "0000000000000000",
    "fver": "0",
    "new_pe": "0000001fffffffff",
    "new_pi": "0000000000000000",
    "new_pp": "0000001fffffffff",
    "old_pe": "0000000000000000",
    "old_pi": "0000000000000000",
    "old_pp": "0000000000000000",
    "raw_msg": "audit(1481077308.360:529): fver=0 fp=0000000000000000 fi=0000000000000000 fe=0 old_pp=0000000000000000 old_pi=0000000000000000 old_pe=0000000000000000 new_pp=0000001fffffffff new_pi=0000000000000000 new_pe=0000001fffffffff",
    "record_type": "BPRM_FCAPS",
    "sequence": "529"
  },
  {
    "@timestamp": "2016-12-07 02:20:31.371 +0000 UTC",
    "auid": "1000",
    "list": "4",
    "op": "add_rule",
    "raw_msg": "audit(1481077231.371:478): auid=1000 ses=3 subj=unconfined_u:unconfined_r:unconfined_t:s0-s0:c0.c1023 op=\"add_rule\" key=(null) list=4 res=1",
    "record_type": "CONFIG_CHANGE",
    "res": "1",
    "sequence": "478",
    "ses": "3",
    "subj": "unconfined_u:unconfined_r:unconfined_t:s0-s0:c0.c1023"
  },
  {
    "@timestamp": "2016-12-07 02:17:23.057 +0000 UTC",
    "acct": "andrew_kroh",
    "addr": "96.241.146.97",
    "auid": "4294967295",
    "exe": "/usr/sbin/sshd",
    "grantors": "pam_env,pam_unix",
    "hostname": "pool-96-241-146-97.washdc.fios.verizon.net",
    "op": "PAM:setcred",
    "pid": "1298",
    "raw_msg": "audit(1481077043.057:413): pid=1298 uid=0 auid=4294967295 ses=4294967295 subj=system_u:system_r:sshd_t:s0-s0:c0.c1023 msg='op=PAM:setcred grantors=pam_env,pam_unix acct=\"andrew_kroh\" exe=\"/usr/sbin/sshd\" hostname=pool-96-241-146-97.washdc.fios.verizon.net addr=96.241.146.97 terminal=ssh res=success'",
    "record_type": "CRED_ACQ",
    "res": "success",
    "sequence": "413",
    "ses": "4294967295",
    "subj": "system_u:system_r:sshd_t:s0-s0:c0.c1023",
    "terminal": "ssh",
    "uid": "0"
  },
  {
    "@timestamp": "2016-12-07 02:17:29.058 +0000 UTC",
    "acct": "andrew_kroh",
    "addr": "96.241.146.97",
    "auid": "1000",
    "exe": "/usr/sbin/sshd",
    "grantors": "pam_env,pam_unix",
    "hostname": "pool-96-241-146-97.washdc.fios.verizon.net",
    "op": "PAM:setcred",
    "pid": "1298",
    "raw_msg": "audit(1481077049.058:427): pid=1298 uid=0 auid=1000 ses=1 subj=system_u:system_r:sshd_t:s0-s0:c0.c1023 msg='op=PAM:setcred grantors=pam_env,pam_unix acct=\"andrew_kroh\" exe=\"/usr/sbin/sshd\" hostname=pool-96-241-146-97.washdc.fios.verizon.net addr=96.241.146.97 terminal=ssh res=success'",
    "record_type": "CRED_DISP",
    "res": "success",
    "sequence": "427",
    "ses": "1",
    "subj": "system_u:system_r:sshd_t:s0-s0:c0.c1023",
    "terminal": "ssh",
    "uid": "0"
  },
  {
    "@timestamp": "2017-03-16 05:01:01.198 +0000 UTC",
    "acct": "root",
    "auid": "0",
    "exe": "/usr/sbin/crond",
    "grantors": "pam_env,pam_unix",
    "op": "PAM:setcred",
    "pid": "1402",
    "raw_msg": "audit(1489640461.198:480): pid=1402 uid=0 auid=0 ses=2 subj=system_u:system_r:crond_t:s0-s0:c0.c1023 msg='op=PAM:setcred grantors=pam_env,pam_unix acct=\"root\" exe=\"/usr/sbin/crond\" hostname=? addr=? terminal=cron res=success'",
    "record_type": "CRED_REFR",
    "res": "success",
    "sequence": "480",
    "ses": "2",
    "subj": "system_u:system_r:crond_t:s0-s0:c0.c1023",
    "terminal": "cron",
    "uid": "0"
  },
  {
    "@timestamp": "2016-12-07 02:17:21.497 +0000 UTC",
    "addr": "96.241.146.97",
    "auid": "4294967295",
    "exe": "/usr/sbin/sshd",
    "fp": "6d:a3:7f:ed:de:4a:79:f2:aa:49:ec:d1:75:36:97:a3",
    "kind": "server",
    "op": "destroy",
    "pid": "1299",
    "raw_msg": "audit(1481077041.497:404): pid=1299 uid=0 auid=4294967295 ses=4294967295 subj=system_u:system_r:sshd_t:s0-s0:c0.c1023 msg='op=destroy kind=server fp=6d:a3:7f:ed:de:4a:79:f2:aa:49:ec:d1:75:36:97:a3 direction=? spid=1299 suid=0  exe=\"/usr/sbin/sshd\" hostname=? addr=96.241.146.97 terminal=? res=success'",
    "record_type": "CRYPTO_KEY_USER",
    "res": "success",
    "sequence": "404",
    "ses": "4294967295",
    "spid": "1299",
    "subj": "system_u:system_r:sshd_t:s0-s0:c0.c1023",
    "suid": "0",
    "uid": "0"
  },
  {
    "@timestamp": "2016-12-07 02:17:21.515 +0000 UTC",
    "addr": "96.241.146.97",
    "auid": "4294967295",
    "cipher": "chacha20-poly1305@openssh.com",
    "direction": "from-server",
    "exe": "/usr/sbin/sshd",
    "ksize": "512",
    "laddr": "10.142.0.2",
    "lport": "22",
    "op": "start",
    "pfs": "curve25519-sha256@libssh.org",
    "pid": "1298",
    "raw_msg": "audit(1481077041.515:406): pid=1298 uid=0 auid=4294967295 ses=4294967295 subj=system_u:system_r:sshd_t:s0-s0:c0.c1023 msg='op=start direction=from-server cipher=chacha20-poly1305@openssh.com ksize=512 mac= pfs=curve25519-sha256@libssh.org spid=1299 suid=74 rport=63927 laddr=10.142.0.2 lport=22  exe=\"/usr/sbin/sshd\" hostname=? addr=96.241.146.97 terminal=? res=success'",
    "record_type": "CRYPTO_SESSION",
    "res": "success",
    "rport": "63927",
    "sequence": "406",
    "ses": "4294967295",
    "spid": "1299",
    "subj": "system_u:system_r:sshd_t:s0-s0:c0.c1023",
    "suid": "74",
    "uid": "0"
  },
  {
    "@timestamp": "2016-12-07 02:20:31.371 +0000 UTC",
    "cwd": "/home/andrew_kroh",
    "raw_msg": "audit(1481077231.371:479):  cwd=\"/home/andrew_kroh\"",
    "record_type": "CWD",
    "sequence": "479"
  },
  {
    "@timestamp": "2017-03-23 03:30:00.477 +0000 UTC",
    "auid": "0",
    "pid": "1512",
    "raw_msg": "audit(1490239800.477:34) config changed, auid=0 pid=1512 subj=system_u:system_r:unconfined_service_t:s0 res=success",
    "record_type": "DAEMON_CONFIG",
    "res": "success",
    "sequence": "34",
    "subj": "system_u:system_r:unconfined_service_t:s0"
  },
  {
    "@timestamp": "2016-12-07 02:44:57.892 +0000 UTC",
    "raw_msg": "audit(1481078697.892:7799): auditd normal halt, sending auid=? pid=? subj=? res=success",
    "record_type": "DAEMON_END",
    "res": "success",
    "sequence": "7799"
  },
  {
    "@timestamp": "2016-12-07 02:16:23.819 +0000 UTC",
    "auid": "4294967295",
    "format": "raw",
    "kernel": "3.10.0-327.36.3.el7.x86_64",
    "pid": "251",
    "raw_msg": "audit(1481076983.819:7798): auditd start, ver=2.4.1 format=raw kernel=3.10.0-327.36.3.el7.x86_64 auid=4294967295 pid=251 subj=system_u:system_r:auditd_t:s0 res=success",
    "record_type": "DAEMON_START",
    "res": "success",
    "sequence": "7798",
    "subj": "system_u:system_r:auditd_t:s0",
    "ver": "2.4.1"
  },
  {
    "@timestamp": "2016-12-07 02:20:31.371 +0000 UTC",
    "a0": "auditctl",
    "a1": "-a",
    "a2": "exit,always",
    "a3": "-F",
    "a5": "-S",
    "a6": "execve",
    "arch": "b32",
    "argc": "7",
    "raw_msg": "audit(1481077231.371:479): argc=7 a0=\"auditctl\" a1=\"-a\" a2=\"exit,always\" a3=\"-F\" a4=\"arch=b32\" a5=\"-S\" a6=\"execve\"",
    "record_type": "EXECVE",
    "sequence": "479"
  },
  {
    "@timestamp": "2016-12-07 02:16:32.419 +0000 UTC",
    "auid": "4294967295",
    "exe": "/usr/sbin/groupadd",
    "id": "1000",
    "op": "add-shadow-group",
    "pid": "1235",
    "raw_msg": "audit(1481076992.419:386): pid=1235 uid=0 auid=4294967295 ses=4294967295 subj=system_u:system_r:unconfined_service_t:s0 msg='op=add-shadow-group id=1000 exe=\"/usr/sbin/groupadd\" hostname=? addr=? terminal=? res=success'",
    "record_type": "GRP_MGMT",
    "res": "success",
    "sequence": "386",
    "ses": "4294967295",
    "subj": "system_u:system_r:unconfined_service_t:s0",
    "uid": "0"
  },
  {
    "@timestamp": "2016-12-07 02:17:23.057 +0000 UTC",
    "auid": "1000",
    "old-auid": "4294967295",
    "old-ses": "4294967295",
    "pid": "1298",
    "raw_msg": "audit(1481077043.057:414): pid=1298 uid=0 subj=system_u:system_r:sshd_t:s0-s0:c0.c1023 old-auid=4294967295 auid=1000 old-ses=4294967295 ses=1 res=1",
    "record_type": "LOGIN",
    "res": "1",
    "sequence": "414",
    "ses": "1",
    "subj": "system_u:system_r:sshd_t:s0-s0:c0.c1023",
    "uid": "0"
  },
  {
    "@timestamp": "2016-12-07 02:16:24.827 +0000 UTC",
    "entries": "0",
    "family": "2",
    "raw_msg": "audit(1481076984.827:17): table=filter family=2 entries=0",
    "record_type": "NETFILTER_CFG",
    "sequence": "17",
    "table": "filter"
  },
  {
    "@timestamp": "2016-12-07 02:20:31.371 +0000 UTC",
    "dev": "08:01",
    "inode": "17367907",
    "item": "0",
    "mode": "0100750",
    "name": "/sbin/auditctl",
    "obj": "system_u:object_r:auditctl_exec_t:s0",
    "objtype": "NORMAL",
    "ogid": "0",
    "ouid": "0",
    "raw_msg": "audit(1481077231.371:479): item=0 name=\"/sbin/auditctl\" inode=17367907 dev=08:01 mode=0100750 ouid=0 ogid=0 rdev=00:00 obj=system_u:object_r:auditctl_exec_t:s0 objtype=NORMAL",
    "rdev": "00:00",
    "record_type": "PATH",
    "sequence": "479"
  },
  {
    "@timestamp": "2016-12-07 02:16:23.864 +0000 UTC",
    "auid": "4294967295",
    "comm": "systemd",
    "exe": "/usr/lib/systemd/systemd",
    "pid": "1",
    "raw_msg": "audit(1481076983.864:6): pid=1 uid=0 auid=4294967295 ses=4294967295 subj=system_u:system_r:init_t:s0 msg='unit=auditd comm=\"systemd\" exe=\"/usr/lib/systemd/systemd\" hostname=? addr=? terminal=? res=success'",
    "record_type": "SERVICE_START",
    "res": "success",
    "sequence": "6",
    "ses": "4294967295",
    "subj": "system_u:system_r:init_t:s0",
    "uid": "0",
    "unit": "auditd"
  },
  {
    "@timestamp": "2016-12-07 02:16:24.534 +0000 UTC",
    "auid": "4294967295",
    "comm": "systemd",
    "exe": "/usr/lib/systemd/systemd",
    "pid": "1",
    "raw_msg": "audit(1481076984.534:16): pid=1 uid=0 auid=4294967295 ses=4294967295 subj=system_u:system_r:init_t:s0 msg='unit=irqbalance comm=\"systemd\" exe=\"/usr/lib/systemd/systemd\" hostname=? addr=? terminal=? res=success'",
    "record_type": "SERVICE_STOP",
    "res": "success",
    "sequence": "16",
    "ses": "4294967295",
    "subj": "system_u:system_r:init_t:s0",
    "uid": "0",
    "unit": "irqbalance"
  },
  {
    "@timestamp": "2016-12-07 02:40:24.953 +0000 UTC",
    "addr": "169.254.169.254",
    "address_family": "ipv4",
    "port": "80",
    "raw_msg": "audit(1481078424.953:688): saddr=02000050A9FEA9FE0000000000000000",
    "record_type": "SOCKADDR",
    "sequence": "688"
  },
  {
    "@timestamp": "2017-03-29 19:48:44.99 +0000 UTC",
    "address_family": "netlink",
    "raw_msg": "audit(1490816924.990:517643): saddr=100000000000000000000000",
    "record_type": "SOCKADDR",
    "saddr": "100000000000000000000000",
    "sequence": "517643"
  },
  {
    "@timestamp": "2017-03-29 19:48:44.99 +0000 UTC",
    "addr": "::",
    "address_family": "ipv6",
    "port": "22",
    "raw_msg": "audit(1490816924.990:517644): saddr=0A000016000000000000000000000000000000000000000000000000",
    "record_type": "SOCKADDR",
    "sequence": "517644"
  },
  {
    "@timestamp": "2017-03-29 19:48:44.99 +0000 UTC",
    "address_family": "0",
    "raw_msg": "audit(1490816924.990:517645): saddr=00000000000000000000000000000000",
    "record_type": "SOCKADDR",
    "saddr": "00000000000000000000000000000000",
    "sequence": "517645"
  },
  {
    "@timestamp": "2017-03-29 19:48:44.99 +0000 UTC",
    "address_family": "unix",
    "path": "/var/run/nscd/socket",
    "raw_msg": "audit(1490816924.990:517647): saddr=01002F7661722F72756E2F6E7363642F736F636B65740000603B7B47FC7F0000303C7B47FC7F0000020000000000000014000000160001030800000000000000C03B7B47FC7F0000103B7B47FC7F00002000000000000000303C7B47FC7F0000C0FB39861C7F0000787F2F861C7F",
    "record_type": "SOCKADDR",
    "sequence": "517647"
  },
  {
    "@timestamp": "2016-12-07 02:16:24.827 +0000 UTC",
    "a0": "0",
    "a1": "41a15c",
    "a2": "0",
    "a3": "0",
    "arch": "x86_64",
    "auid": "4294967295",
    "comm": "modprobe",
    "egid": "0",
    "euid": "0",
    "exe": "/usr/bin/kmod",
    "exit": "0",
    "fsgid": "0",
    "fsuid": "0",
    "gid": "0",
    "items": "0",
    "pid": "391",
    "ppid": "390",
    "raw_msg": "audit(1481076984.827:17): arch=c000003e syscall=313 success=yes exit=0 a0=0 a1=41a15c a2=0 a3=0 items=0 ppid=390 pid=391 auid=4294967295 uid=0 gid=0 euid=0 suid=0 fsuid=0 egid=0 sgid=0 fsgid=0 tty=(none) ses=4294967295 comm=\"modprobe\" exe=\"/usr/bin/kmod\" subj=system_u:system_r:insmod_t:s0 key=(null)",
    "record_type": "SYSCALL",
    "sequence": "17",
    "ses": "4294967295",
    "sgid": "0",
    "subj": "system_u:system_r:insmod_t:s0",
    "success": "yes",
    "suid": "0",
    "syscall": "finit_module",
    "tty": "(none)",
    "uid": "0"
  },
  {
    "@timestamp": "2017-03-29 15:30:06.273 +0000 UTC",
    "a0": "6",
    "a1": "7ffeb50e4570",
    "a2": "10",
    "a3": "fe",
    "arch": "x86_64",
    "auid": "4294967295",
    "comm": "google_ip_forwa",
    "egid": "0",
    "euid": "0",
    "exe": "/usr/bin/python2.7;58d1ccfb (deleted)",
    "exit": "-115",
    "fsgid": "0",
    "fsuid": "0",
    "gid": "0",
    "items": "0",
    "pid": "1170",
    "ppid": "1",
    "raw_msg": "audit(1490801406.273:512226): arch=c000003e syscall=42 success=no exit=-115 a0=6 a1=7ffeb50e4570 a2=10 a3=fe items=0 ppid=1 pid=1170 auid=4294967295 uid=0 gid=0 euid=0 suid=0 fsuid=0 egid=0 sgid=0 fsgid=0 tty=(none) ses=4294967295 comm=\"google_ip_forwa\" exe=2F7573722F62696E2F707974686F6E322E373B3538643163636662202864656C6574656429 subj=system_u:system_r:unconfined_service_t:s0 key=(null)",
    "record_type": "SYSCALL",
    "sequence": "512226",
    "ses": "4294967295",
    "sgid": "0",
    "subj": "system_u:system_r:unconfined_service_t:s0",
    "success": "no",
    "suid": "0",
    "syscall": "connect",
    "tty": "(none)",
    "uid": "0"
  },
  {
    "@timestamp": "2016-12-07 02:16:23.876 +0000 UTC",
    "auid": "4294967295",
    "comm": "systemd-update-utmp",
    "exe": "/usr/lib/systemd/systemd-update-utmp",
    "pid": "273",
    "raw_msg": "audit(1481076983.876:7): pid=273 uid=0 auid=4294967295 ses=4294967295 subj=system_u:system_r:init_t:s0 msg=' comm=\"systemd-update-utmp\" exe=\"/usr/lib/systemd/systemd-update-utmp\" hostname=? addr=? terminal=? res=success'",
    "record_type": "SYSTEM_BOOT",
    "res": "success",
    "sequence": "7",
    "ses": "4294967295",
    "subj": "system_u:system_r:init_t:s0",
    "uid": "0"
  },
  {
    "@timestamp": "2016-12-07 02:16:32.492 +0000 UTC",
    "auid": "4294967295",
    "comm": "systemd-update-utmp",
    "exe": "/usr/lib/systemd/systemd-update-utmp",
    "new-level": "3",
    "old-level": "N",
    "pid": "1279",
    "raw_msg": "audit(1481076992.492:390): pid=1279 uid=0 auid=4294967295 ses=4294967295 subj=system_u:system_r:init_t:s0 msg='old-level=N new-level=3 comm=\"systemd-update-utmp\" exe=\"/usr/lib/systemd/systemd-update-utmp\" hostname=? addr=? terminal=? res=success'",
    "record_type": "SYSTEM_RUNLEVEL",
    "res": "success",
    "sequence": "390",
    "ses": "4294967295",
    "subj": "system_u:system_r:init_t:s0",
    "uid": "0"
  },
  {
    "@timestamp": "0001-01-01 00:00:00 +0000 UTC",
    "error": "invalid audit message header",
    "raw_msg": "?",
    "record_type": "REPLACE",
    "sequence": "0"
  },
  {
    "@timestamp": "2016-12-07 02:17:23.052 +0000 UTC",
    "acct": "andrew_kroh",
    "addr": "96.241.146.97",
    "auid": "4294967295",
    "exe": "/usr/sbin/sshd",
    "grantors": "pam_unix,pam_localuser",
    "hostname": "pool-96-241-146-97.washdc.fios.verizon.net",
    "op": "PAM:accounting",
    "pid": "1298",
    "raw_msg": "audit(1481077043.052:410): pid=1298 uid=0 auid=4294967295 ses=4294967295 subj=system_u:system_r:sshd_t:s0-s0:c0.c1023 msg='op=PAM:accounting grantors=pam_unix,pam_localuser acct=\"andrew_kroh\" exe=\"/usr/sbin/sshd\" hostname=pool-96-241-146-97.washdc.fios.verizon.net addr=96.241.146.97 terminal=ssh res=success'",
    "record_type": "USER_ACCT",
    "res": "success",
    "sequence": "410",
    "ses": "4294967295",
    "subj": "system_u:system_r:sshd_t:s0-s0:c0.c1023",
    "terminal": "ssh",
    "uid": "0"
  },
  {
    "@timestamp": "2016-12-07 02:17:23.046 +0000 UTC",
    "acct": "andrew_kroh",
    "addr": "96.241.146.97",
    "auid": "4294967295",
    "exe": "/usr/sbin/sshd",
    "op": "pubkey_auth",
    "pid": "1298",
    "raw_msg": "audit(1481077043.046:408): pid=1298 uid=0 auid=4294967295 ses=4294967295 subj=system_u:system_r:sshd_t:s0-s0:c0.c1023 msg='op=pubkey_auth rport=63927 acct=\"andrew_kroh\" exe=\"/usr/sbin/sshd\" hostname=? addr=96.241.146.97 terminal=? res=success'",
    "record_type": "USER_AUTH",
    "res": "success",
    "rport": "63927",
    "sequence": "408",
    "ses": "4294967295",
    "subj": "system_u:system_r:sshd_t:s0-s0:c0.c1023",
    "uid": "0"
  },
  {
    "@timestamp": "2016-12-07 02:20:31.363 +0000 UTC",
    "auid": "1000",
    "cmd": "./metricbeat -c mb.dev.yml",
    "cwd": "/home/andrew_kroh",
    "pid": "1382",
    "raw_msg": "audit(1481077231.363:475): pid=1382 uid=1000 auid=1000 ses=3 subj=unconfined_u:unconfined_r:unconfined_t:s0-s0:c0.c1023 msg='cwd=\"/home/andrew_kroh\" cmd=2E2F6D657472696362656174202D63206D622E6465762E796D6C terminal=pts/0 res=success'",
    "record_type": "USER_CMD",
    "res": "success",
    "sequence": "475",
    "ses": "3",
    "subj": "unconfined_u:unconfined_r:unconfined_t:s0-s0:c0.c1023",
    "terminal": "pts/0",
    "uid": "1000"
  },
  {
    "@timestamp": "2016-12-07 02:17:29.033 +0000 UTC",
    "auid": "1000",
    "exe": "/usr/sbin/sshd",
    "id": "1000",
    "op": "login",
    "pid": "1298",
    "raw_msg": "audit(1481077049.033:423): pid=1298 uid=0 auid=1000 ses=1 subj=system_u:system_r:sshd_t:s0-s0:c0.c1023 msg='op=login id=1000 exe=\"/usr/sbin/sshd\" hostname=? addr=? terminal=/dev/pts/0 res=success'",
    "record_type": "USER_END",
    "res": "success",
    "sequence": "423",
    "ses": "1",
    "subj": "system_u:system_r:sshd_t:s0-s0:c0.c1023",
    "terminal": "/dev/pts/0",
    "uid": "0"
  },
  {
    "@timestamp": "2017-03-16 05:13:27.587 +0000 UTC",
    "addr": "190.48.233.76",
    "auid": "4294967295",
    "exe": "/usr/sbin/sshd",
    "hostname": "190.48.233.76",
    "op": "PAM:bad_ident",
    "pid": "1560",
    "raw_msg": "audit(1489641207.587:518): pid=1560 uid=0 auid=4294967295 ses=4294967295 subj=system_u:system_r:sshd_t:s0-s0:c0.c1023 msg='op=PAM:bad_ident grantors=? acct=\"?\" exe=\"/usr/sbin/sshd\" hostname=190.48.233.76 addr=190.48.233.76 terminal=ssh res=failed'",
    "record_type": "USER_ERR",
    "res": "failed",
    "sequence": "518",
    "ses": "4294967295",
    "subj": "system_u:system_r:sshd_t:s0-s0:c0.c1023",
    "terminal": "ssh",
    "uid": "0"
  },
  {
    "@timestamp": "2016-12-07 02:17:23.193 +0000 UTC",
    "addr": "96.241.146.97",
    "auid": "1000",
    "exe": "/usr/sbin/sshd",
    "hostname": "pool-96-241-146-97.washdc.fios.verizon.net",
    "id": "1000",
    "op": "login",
    "pid": "1298",
    "raw_msg": "audit(1481077043.193:421): pid=1298 uid=0 auid=1000 ses=1 subj=system_u:system_r:sshd_t:s0-s0:c0.c1023 msg='op=login id=1000 exe=\"/usr/sbin/sshd\" hostname=pool-96-241-146-97.washdc.fios.verizon.net addr=96.241.146.97 terminal=/dev/pts/0 res=success'",
    "record_type": "USER_LOGIN",
    "res": "success",
    "sequence": "421",
    "ses": "1",
    "subj": "system_u:system_r:sshd_t:s0-s0:c0.c1023",
    "terminal": "/dev/pts/0",
    "uid": "0"
  },
  {
    "@timestamp": "2016-12-07 02:17:29.033 +0000 UTC",
    "auid": "1000",
    "exe": "/usr/sbin/sshd",
    "id": "1000",
    "op": "login",
    "pid": "1298",
    "raw_msg": "audit(1481077049.033:424): pid=1298 uid=0 auid=1000 ses=1 subj=system_u:system_r:sshd_t:s0-s0:c0.c1023 msg='op=login id=1000 exe=\"/usr/sbin/sshd\" hostname=? addr=? terminal=/dev/pts/0 res=success'",
    "record_type": "USER_LOGOUT",
    "res": "success",
    "sequence": "424",
    "ses": "1",
    "subj": "system_u:system_r:sshd_t:s0-s0:c0.c1023",
    "terminal": "/dev/pts/0",
    "uid": "0"
  },
  {
    "@timestamp": "2016-12-07 02:16:32.521 +0000 UTC",
    "auid": "4294967295",
    "exe": "/usr/sbin/useradd",
    "id": "1000",
    "op": "add-home-dir",
    "pid": "1264",
    "raw_msg": "audit(1481076992.521:393): pid=1264 uid=0 auid=4294967295 ses=4294967295 subj=system_u:system_r:unconfined_service_t:s0 msg='op=add-home-dir id=1000 exe=\"/usr/sbin/useradd\" hostname=? addr=? terminal=? res=success'",
    "record_type": "USER_MGMT",
    "res": "success",
    "sequence": "393",
    "ses": "4294967295",
    "subj": "system_u:system_r:unconfined_service_t:s0",
    "uid": "0"
  },
  {
    "@timestamp": "2016-12-07 02:17:23.14 +0000 UTC",
    "addr": "96.241.146.97",
    "auid": "1000",
    "default-context": "unconfined_u:unconfined_r:unconfined_t:s0-s0:c0.c1023",
    "exe": "/usr/sbin/sshd",
    "hostname": "pool-96-241-146-97.washdc.fios.verizon.net",
    "msg": "pam:",
    "pid": "1298",
    "raw_msg": "audit(1481077043.140:415): pid=1298 uid=0 auid=1000 ses=1 subj=system_u:system_r:sshd_t:s0-s0:c0.c1023 msg='pam: default-context=unconfined_u:unconfined_r:unconfined_t:s0-s0:c0.c1023 selected-context=unconfined_u:unconfined_r:unconfined_t:s0-s0:c0.c1023 exe=\"/usr/sbin/sshd\" hostname=pool-96-241-146-97.washdc.fios.verizon.net addr=96.241.146.97 terminal=ssh res=success'",
    "record_type": "USER_ROLE_CHANGE",
    "res": "success",
    "selected-context": "unconfined_u:unconfined_r:unconfined_t:s0-s0:c0.c1023",
    "sequence": "415",
    "ses": "1",
    "subj": "system_u:system_r:sshd_t:s0-s0:c0.c1023",
    "terminal": "ssh",
    "uid": "0"
  },
  {
    "@timestamp": "2016-12-07 02:17:23.17 +0000 UTC",
    "acct": "andrew_kroh",
    "addr": "96.241.146.97",
    "auid": "1000",
    "exe": "/usr/sbin/sshd",
    "grantors": "pam_selinux,pam_loginuid,pam_selinux,pam_namespace,pam_keyinit,pam_keyinit,pam_limits,pam_systemd,pam_unix,pam_lastlog",
    "hostname": "pool-96-241-146-97.washdc.fios.verizon.net",
    "op": "PAM:session_open",
    "pid": "1298",
    "raw_msg": "audit(1481077043.170:416): pid=1298 uid=0 auid=1000 ses=1 subj=system_u:system_r:sshd_t:s0-s0:c0.c1023 msg='op=PAM:session_open grantors=pam_selinux,pam_loginuid,pam_selinux,pam_namespace,pam_keyinit,pam_keyinit,pam_limits,pam_systemd,pam_unix,pam_lastlog acct=\"andrew_kroh\" exe=\"/usr/sbin/sshd\" hostname=pool-96-241-146-97.washdc.fios.verizon.net addr=96.241.146.97 terminal=ssh res=success'",
    "record_type": "USER_START",
    "res": "success",
    "sequence": "416",
    "ses": "1",
    "subj": "system_u:system_r:sshd_t:s0-s0:c0.c1023",
    "terminal": "ssh",
    "uid": "0"
  },
  {
    "@timestamp": "2016-12-07 02:16:33 +0000 UTC",
    "auid": "4294967295",
    "exe": "/usr/sbin/hwclock",
    "msg": "changing system time",
    "pid": "1232",
    "raw_msg": "audit(1481076993.000:402): pid=1232 uid=0 auid=4294967295 ses=4294967295 subj=system_u:system_r:unconfined_service_t:s0 msg='changing system time exe=\"/usr/sbin/hwclock\" hostname=? addr=? terminal=? res=success'",
    "record_type": "USYS_CONFIG",
    "res": "success",
    "sequence": "402",
    "ses": "4294967295",
    "subj": "system_u:system_r:unconfined_service_t:s0",
    "uid": "0"
  }
]
